---
source: crates/pixi-build-python/src/python.rs
expression: "recipe(r#\"\n        [workspace]\n        platforms = []\n        channels = []\n        preview = [\"pixi-build\"]\n\n        [package]\n        name = \"foobar\"\n        version = \"0.1.0\"\n\n        [package.build]\n        backend = { name = \"pixi-build-python\", version = \"*\" }\n        \"#,\nPythonBackendConfig { noarch: Some(false), ..Default::default() })"
---
schema_version: 1
context: {}
package:
  name: foobar
  version: 0.1.0
source:
  - path: "[ ... path ... ]"
    filter:
      include: []
      exclude:
        - ".pixi"
build:
  number: 0
  string: hbf21a9e_0
  script: "[ ... script ... ]"
requirements:
  host:
    - pip
    - python
  run:
    - python
