---
source: crates/pixi-build-python/src/main.rs
expression: result
---
{
    "**/*.c",
    "**/*.cpp",
    "**/*.json",
    "**/*.rs",
    "**/*.sh",
    "**/*.txt",
    "**/*.yaml",
    "**/*.yml",
    "MANIFEST.in",
    "Makefile",
    "Pipfile",
    "Pipfile.lock",
    "VERSION",
    "custom/*.py",
    "docs/**/*.md",
    "docs/**/*.rst",
    "poetry.lock",
    "pyproject.toml",
    "requirements*.txt",
    "setup.cfg",
    "setup.py",
    "tests/**/*.py",
    "tox.ini",
    "version.py",
}
