---
source: crates/recipe-stage0/src/recipe.rs
expression: ir
---
context: {}
package:
  name: minimal-package
  version: 1.0.0
source:
  - path: /path/to/manifest
    sha256: ~
build:
  number: ~
  script: []
requirements:
  build: []
  host:
    - if: linux
      then: boltons
      else: []
  run:
    - python
  run_constraints: []
tests: []
about: ~
extra: ~
