---
source: crates/pixi-build-rattler-build/src/protocol.rs
expression: result.outputs
---
[
  {
    "identifier": {
      "name": "boltons-with-extra",
      "version": "23.0.0",
      "build": "pyh4616a5c_0",
      "buildNumber": 0,
      "subdir": "noarch",
      "license": "BSD-3-Clause",
      "licenseFamily": null,
      "noarch": "python",
      "purls": null
    },
    "buildDependencies": {
      "depends": [],
      "constraints": []
    },
    "hostDependencies": {
      "depends": [
        {
          "name": "python",
          "binary": {
            "version": null,
            "build": null,
            "buildNumber": null,
            "fileName": null,
            "channel": null,
            "subdir": null,
            "md5": null,
            "sha256": null,
            "url": null,
            "license": null
          }
        },
        {
          "name": "pip",
          "binary": {
            "version": null,
            "build": null,
            "buildNumber": null,
            "fileName": null,
            "channel": null,
            "subdir": null,
            "md5": null,
            "sha256": null,
            "url": null,
            "license": null
          }
        },
        {
          "name": "setuptools",
          "binary": {
            "version": null,
            "build": null,
            "buildNumber": null,
            "fileName": null,
            "channel": null,
            "subdir": null,
            "md5": null,
            "sha256": null,
            "url": null,
            "license": null
          }
        }
      ],
      "constraints": []
    },
    "runDependencies": {
      "depends": [
        {
          "name": "pip",
          "binary": {
            "version": null,
            "build": null,
            "buildNumber": null,
            "fileName": null,
            "channel": null,
            "subdir": null,
            "md5": null,
            "sha256": null,
            "url": null,
            "license": null
          }
        }
      ],
      "constraints": []
    },
    "ignoreRunExports": {
      "byName": [],
      "fromPackage": []
    },
    "runExports": {
      "weak": [],
      "strong": [],
      "noarch": [],
      "weakConstrains": [],
      "strongConstrains": []
    },
    "cache": null,
    "inputGlobs": null
  }
]
