---
source: crates/pixi-build/src/bin/pixi-build-cmake/cmake.rs
expression: recipe.unwrap()
---
schema_version: 1
context: {}
package:
  name: test-reqs
  version: "1.0"
build:
  number: 0
  script: "[ ... script ... ]"
requirements:
  build:
    - boltons
    - cmake
    - ninja
    - "[ ... compiler ... ]"
  host:
    - hatchling
  run:
    - foobar ==3.2.1
