# serializer version: 1
# name: test_generated_recipe_from_model
  '''
  context: {}
  package:
    name: test_project
    version: 1.0.0
  source:
  - path: .
    sha256: null
  build:
    number: null
    script:
      content: []
      env: {}
      secrets: []
  requirements:
    build: []
    host: []
    run: []
    run_constraints: []
  tests: []
  about: null
  extra: null
  
  '''
# ---
